// Jest Snapshot v1, https://goo.gl/fbAQLP

exports[`typeof-symbol basic 1`] = `
"(function(modules) {
  function require(id) {
    const [fn, mapping] = modules[id];

    function localRequire(name) {
      return require(mapping[name]);
    }

    const module = {
      exports: {}
    };

    fn(localRequire, module, module.exports);

    return module.exports;
  }

  require(0)
})({
  0: [
    function(require, module, exports) {
      function _typeof(obj) {
        if (typeof Symbol === \\"function\\" && typeof Symbol.iterator === \\"symbol\\") {
          _typeof = function _typeof(obj) {
            return typeof obj;
          };
        } else {
          _typeof = function _typeof(obj) {
            return obj && typeof Symbol === \\"function\\" && obj.constructor === Symbol && obj !== Symbol.prototype ? \\"symbol\\" : typeof obj;
          };
        }

        return _typeof(obj);
      }

      _typeof({}) === \\"object\\";
    },
    {},
  ]
})"
`;
