// Jest Snapshot v1, https://goo.gl/fbAQLP

exports[`arrow-functions basic 1`] = `Array []`;

exports[`arrow-functions default-parameters 1`] = `Array []`;

exports[`arrow-functions expression 1`] = `Array []`;

exports[`arrow-functions nested 1`] = `Array []`;

exports[`arrow-functions paran-insertion 1`] = `Array []`;

exports[`arrow-functions spec-naming 1`] = `Array []`;

exports[`modules-commonjs interop-loose export-default-ae 1`] = `Array []`;

exports[`modules-commonjs interop-loose export-default-fd 1`] = `Array []`;

exports[`modules-commonjs interop-loose export-default-fd-id-name 1`] = `Array []`;

exports[`modules-commonjs interop-loose export-default-literal 1`] = `Array []`;

exports[`modules-commonjs interop-loose export-default-oe 1`] = `Array []`;
